
AVRASM ver. 2.1.30  C:\Users\Melika\Desktop\scripts\matrix-keyboard-lcd-module\List\matrix-keyboard-lcd-module.asm Thu Jul 06 01:03:00 2017

C:\Users\Melika\Desktop\scripts\matrix-keyboard-lcd-module\List\matrix-keyboard-lcd-module.asm(1071): warning: Register r5 already defined by the .DEF directive
C:\Users\Melika\Desktop\scripts\matrix-keyboard-lcd-module\List\matrix-keyboard-lcd-module.asm(1072): warning: Register r4 already defined by the .DEF directive
C:\Users\Melika\Desktop\scripts\matrix-keyboard-lcd-module\List\matrix-keyboard-lcd-module.asm(1073): warning: Register r7 already defined by the .DEF directive
                 
                 
                 ;CodeVisionAVR C Compiler V2.05.3 Standard
                 ;(C) Copyright 1998-2011 Pavel Haiduc, HP InfoTech s.r.l.
                 ;http://www.hpinfotech.com
                 
                 ;Chip type                : ATmega32A
                 ;Program type             : Application
                 ;Clock frequency          : 1.000000 MHz
                 ;Memory model             : Small
                 ;Optimize for             : Size
                 ;(s)printf features       : int, width
                 ;(s)scanf features        : int, width
                 ;External RAM size        : 0
                 ;Data Stack size          : 512 byte(s)
                 ;Heap size                : 0 byte(s)
                 ;Promote 'char' to 'int'  : Yes
                 ;'char' is unsigned       : Yes
                 ;8 bit enums              : Yes
                 ;Global 'const' stored in FLASH     : No
                 ;Enhanced function parameter passing: Yes
                 ;Enhanced core instructions         : On
                 ;Smart register allocation          : On
                 ;Automatic register allocation      : On
                 
                 	#pragma AVRPART ADMIN PART_NAME ATmega32A
                 	#pragma AVRPART MEMORY PROG_FLASH 32768
                 	#pragma AVRPART MEMORY EEPROM 1024
                 	#pragma AVRPART MEMORY INT_SRAM SIZE 2143
                 	#pragma AVRPART MEMORY INT_SRAM START_ADDR 0x60
                 
                 	#define CALL_SUPPORTED 1
                 
                 	.LISTMAC
                 	.EQU UDRE=0x5
                 	.EQU RXC=0x7
                 	.EQU USR=0xB
                 	.EQU UDR=0xC
                 	.EQU SPSR=0xE
                 	.EQU SPDR=0xF
                 	.EQU EERE=0x0
                 	.EQU EEWE=0x1
                 	.EQU EEMWE=0x2
                 	.EQU EECR=0x1C
                 	.EQU EEDR=0x1D
                 	.EQU EEARL=0x1E
                 	.EQU EEARH=0x1F
                 	.EQU WDTCR=0x21
                 	.EQU MCUCR=0x35
                 	.EQU SPL=0x3D
                 	.EQU SPH=0x3E
                 	.EQU SREG=0x3F
                 
                 	.DEF R0X0=R0
                 	.DEF R0X1=R1
                 	.DEF R0X2=R2
                 	.DEF R0X3=R3
                 	.DEF R0X4=R4
                 	.DEF R0X5=R5
                 	.DEF R0X6=R6
                 	.DEF R0X7=R7
                 	.DEF R0X8=R8
                 	.DEF R0X9=R9
                 	.DEF R0XA=R10
                 	.DEF R0XB=R11
                 	.DEF R0XC=R12
                 	.DEF R0XD=R13
                 	.DEF R0XE=R14
                 	.DEF R0XF=R15
                 	.DEF R0X10=R16
                 	.DEF R0X11=R17
                 	.DEF R0X12=R18
                 	.DEF R0X13=R19
                 	.DEF R0X14=R20
                 	.DEF R0X15=R21
                 	.DEF R0X16=R22
                 	.DEF R0X17=R23
                 	.DEF R0X18=R24
                 	.DEF R0X19=R25
                 	.DEF R0X1A=R26
                 	.DEF R0X1B=R27
                 	.DEF R0X1C=R28
                 	.DEF R0X1D=R29
                 	.DEF R0X1E=R30
                 	.DEF R0X1F=R31
                 
                 	.EQU __SRAM_START=0x0060
                 	.EQU __SRAM_END=0x085F
                 	.EQU __DSTACK_SIZE=0x0200
                 	.EQU __HEAP_SIZE=0x0000
                 	.EQU __CLEAR_SRAM_SIZE=__SRAM_END-__SRAM_START+1
                 
                 	.MACRO __CPD1N
                 	CPI  R30,LOW(@0)
                 	LDI  R26,HIGH(@0)
                 	CPC  R31,R26
                 	LDI  R26,BYTE3(@0)
                 	CPC  R22,R26
                 	LDI  R26,BYTE4(@0)
                 	CPC  R23,R26
                 	.ENDM
                 
                 	.MACRO __CPD2N
                 	CPI  R26,LOW(@0)
                 	LDI  R30,HIGH(@0)
                 	CPC  R27,R30
                 	LDI  R30,BYTE3(@0)
                 	CPC  R24,R30
                 	LDI  R30,BYTE4(@0)
                 	CPC  R25,R30
                 	.ENDM
                 
                 	.MACRO __CPWRR
                 	CP   R@0,R@2
                 	CPC  R@1,R@3
                 	.ENDM
                 
                 	.MACRO __CPWRN
                 	CPI  R@0,LOW(@2)
                 	LDI  R30,HIGH(@2)
                 	CPC  R@1,R30
                 	.ENDM
                 
                 	.MACRO __ADDB1MN
                 	SUBI R30,LOW(-@0-(@1))
                 	.ENDM
                 
                 	.MACRO __ADDB2MN
                 	SUBI R26,LOW(-@0-(@1))
                 	.ENDM
                 
                 	.MACRO __ADDW1MN
                 	SUBI R30,LOW(-@0-(@1))
                 	SBCI R31,HIGH(-@0-(@1))
                 	.ENDM
                 
                 	.MACRO __ADDW2MN
                 	SUBI R26,LOW(-@0-(@1))
                 	SBCI R27,HIGH(-@0-(@1))
                 	.ENDM
                 
                 	.MACRO __ADDW1FN
                 	SUBI R30,LOW(-2*@0-(@1))
                 	SBCI R31,HIGH(-2*@0-(@1))
                 	.ENDM
                 
                 	.MACRO __ADDD1FN
                 	SUBI R30,LOW(-2*@0-(@1))
                 	SBCI R31,HIGH(-2*@0-(@1))
                 	SBCI R22,BYTE3(-2*@0-(@1))
                 	.ENDM
                 
                 	.MACRO __ADDD1N
                 	SUBI R30,LOW(-@0)
                 	SBCI R31,HIGH(-@0)
                 	SBCI R22,BYTE3(-@0)
                 	SBCI R23,BYTE4(-@0)
                 	.ENDM
                 
                 	.MACRO __ADDD2N
                 	SUBI R26,LOW(-@0)
                 	SBCI R27,HIGH(-@0)
                 	SBCI R24,BYTE3(-@0)
                 	SBCI R25,BYTE4(-@0)
                 	.ENDM
                 
                 	.MACRO __SUBD1N
                 	SUBI R30,LOW(@0)
                 	SBCI R31,HIGH(@0)
                 	SBCI R22,BYTE3(@0)
                 	SBCI R23,BYTE4(@0)
                 	.ENDM
                 
                 	.MACRO __SUBD2N
                 	SUBI R26,LOW(@0)
                 	SBCI R27,HIGH(@0)
                 	SBCI R24,BYTE3(@0)
                 	SBCI R25,BYTE4(@0)
                 	.ENDM
                 
                 	.MACRO __ANDBMNN
                 	LDS  R30,@0+(@1)
                 	ANDI R30,LOW(@2)
                 	STS  @0+(@1),R30
                 	.ENDM
                 
                 	.MACRO __ANDWMNN
                 	LDS  R30,@0+(@1)
                 	ANDI R30,LOW(@2)
                 	STS  @0+(@1),R30
                 	LDS  R30,@0+(@1)+1
                 	ANDI R30,HIGH(@2)
                 	STS  @0+(@1)+1,R30
                 	.ENDM
                 
                 	.MACRO __ANDD1N
                 	ANDI R30,LOW(@0)
                 	ANDI R31,HIGH(@0)
                 	ANDI R22,BYTE3(@0)
                 	ANDI R23,BYTE4(@0)
                 	.ENDM
                 
                 	.MACRO __ANDD2N
                 	ANDI R26,LOW(@0)
                 	ANDI R27,HIGH(@0)
                 	ANDI R24,BYTE3(@0)
                 	ANDI R25,BYTE4(@0)
                 	.ENDM
                 
                 	.MACRO __ORBMNN
                 	LDS  R30,@0+(@1)
                 	ORI  R30,LOW(@2)
                 	STS  @0+(@1),R30
                 	.ENDM
                 
                 	.MACRO __ORWMNN
                 	LDS  R30,@0+(@1)
                 	ORI  R30,LOW(@2)
                 	STS  @0+(@1),R30
                 	LDS  R30,@0+(@1)+1
                 	ORI  R30,HIGH(@2)
                 	STS  @0+(@1)+1,R30
                 	.ENDM
                 
                 	.MACRO __ORD1N
                 	ORI  R30,LOW(@0)
                 	ORI  R31,HIGH(@0)
                 	ORI  R22,BYTE3(@0)
                 	ORI  R23,BYTE4(@0)
                 	.ENDM
                 
                 	.MACRO __ORD2N
                 	ORI  R26,LOW(@0)
                 	ORI  R27,HIGH(@0)
                 	ORI  R24,BYTE3(@0)
                 	ORI  R25,BYTE4(@0)
                 	.ENDM
                 
                 	.MACRO __DELAY_USB
                 	LDI  R24,LOW(@0)
                 __DELAY_USB_LOOP:
                 	DEC  R24
                 	BRNE __DELAY_USB_LOOP
                 	.ENDM
                 
                 	.MACRO __DELAY_USW
                 	LDI  R24,LOW(@0)
                 	LDI  R25,HIGH(@0)
                 __DELAY_USW_LOOP:
                 	SBIW R24,1
                 	BRNE __DELAY_USW_LOOP
                 	.ENDM
                 
                 	.MACRO __GETD1S
                 	LDD  R30,Y+@0
                 	LDD  R31,Y+@0+1
                 	LDD  R22,Y+@0+2
                 	LDD  R23,Y+@0+3
                 	.ENDM
                 
                 	.MACRO __GETD2S
                 	LDD  R26,Y+@0
                 	LDD  R27,Y+@0+1
                 	LDD  R24,Y+@0+2
                 	LDD  R25,Y+@0+3
                 	.ENDM
                 
                 	.MACRO __PUTD1S
                 	STD  Y+@0,R30
                 	STD  Y+@0+1,R31
                 	STD  Y+@0+2,R22
                 	STD  Y+@0+3,R23
                 	.ENDM
                 
                 	.MACRO __PUTD2S
                 	STD  Y+@0,R26
                 	STD  Y+@0+1,R27
                 	STD  Y+@0+2,R24
                 	STD  Y+@0+3,R25
                 	.ENDM
                 
                 	.MACRO __PUTDZ2
                 	STD  Z+@0,R26
                 	STD  Z+@0+1,R27
                 	STD  Z+@0+2,R24
                 	STD  Z+@0+3,R25
                 	.ENDM
                 
                 	.MACRO __CLRD1S
                 	STD  Y+@0,R30
                 	STD  Y+@0+1,R30
                 	STD  Y+@0+2,R30
                 	STD  Y+@0+3,R30
                 	.ENDM
                 
                 	.MACRO __POINTB1MN
                 	LDI  R30,LOW(@0+(@1))
                 	.ENDM
                 
                 	.MACRO __POINTW1MN
                 	LDI  R30,LOW(@0+(@1))
                 	LDI  R31,HIGH(@0+(@1))
                 	.ENDM
                 
                 	.MACRO __POINTD1M
                 	LDI  R30,LOW(@0)
                 	LDI  R31,HIGH(@0)
                 	LDI  R22,BYTE3(@0)
                 	LDI  R23,BYTE4(@0)
                 	.ENDM
                 
                 	.MACRO __POINTW1FN
                 	LDI  R30,LOW(2*@0+(@1))
                 	LDI  R31,HIGH(2*@0+(@1))
                 	.ENDM
                 
                 	.MACRO __POINTD1FN
                 	LDI  R30,LOW(2*@0+(@1))
                 	LDI  R31,HIGH(2*@0+(@1))
                 	LDI  R22,BYTE3(2*@0+(@1))
                 	LDI  R23,BYTE4(2*@0+(@1))
                 	.ENDM
                 
                 	.MACRO __POINTB2MN
                 	LDI  R26,LOW(@0+(@1))
                 	.ENDM
                 
                 	.MACRO __POINTW2MN
                 	LDI  R26,LOW(@0+(@1))
                 	LDI  R27,HIGH(@0+(@1))
                 	.ENDM
                 
                 	.MACRO __POINTW2FN
                 	LDI  R26,LOW(2*@0+(@1))
                 	LDI  R27,HIGH(2*@0+(@1))
                 	.ENDM
                 
                 	.MACRO __POINTD2FN
                 	LDI  R26,LOW(2*@0+(@1))
                 	LDI  R27,HIGH(2*@0+(@1))
                 	LDI  R24,BYTE3(2*@0+(@1))
                 	LDI  R25,BYTE4(2*@0+(@1))
                 	.ENDM
                 
                 	.MACRO __POINTBRM
                 	LDI  R@0,LOW(@1)
                 	.ENDM
                 
                 	.MACRO __POINTWRM
                 	LDI  R@0,LOW(@2)
                 	LDI  R@1,HIGH(@2)
                 	.ENDM
                 
                 	.MACRO __POINTBRMN
                 	LDI  R@0,LOW(@1+(@2))
                 	.ENDM
                 
                 	.MACRO __POINTWRMN
                 	LDI  R@0,LOW(@2+(@3))
                 	LDI  R@1,HIGH(@2+(@3))
                 	.ENDM
                 
                 	.MACRO __POINTWRFN
                 	LDI  R@0,LOW(@2*2+(@3))
                 	LDI  R@1,HIGH(@2*2+(@3))
                 	.ENDM
                 
                 	.MACRO __GETD1N
                 	LDI  R30,LOW(@0)
                 	LDI  R31,HIGH(@0)
                 	LDI  R22,BYTE3(@0)
                 	LDI  R23,BYTE4(@0)
                 	.ENDM
                 
                 	.MACRO __GETD2N
                 	LDI  R26,LOW(@0)
                 	LDI  R27,HIGH(@0)
                 	LDI  R24,BYTE3(@0)
                 	LDI  R25,BYTE4(@0)
                 	.ENDM
                 
                 	.MACRO __GETB1MN
                 	LDS  R30,@0+(@1)
                 	.ENDM
                 
                 	.MACRO __GETB1HMN
                 	LDS  R31,@0+(@1)
                 	.ENDM
                 
                 	.MACRO __GETW1MN
                 	LDS  R30,@0+(@1)
                 	LDS  R31,@0+(@1)+1
                 	.ENDM
                 
                 	.MACRO __GETD1MN
                 	LDS  R30,@0+(@1)
                 	LDS  R31,@0+(@1)+1
                 	LDS  R22,@0+(@1)+2
                 	LDS  R23,@0+(@1)+3
                 	.ENDM
                 
                 	.MACRO __GETBRMN
                 	LDS  R@0,@1+(@2)
                 	.ENDM
                 
                 	.MACRO __GETWRMN
                 	LDS  R@0,@2+(@3)
                 	LDS  R@1,@2+(@3)+1
                 	.ENDM
                 
                 	.MACRO __GETWRZ
                 	LDD  R@0,Z+@2
                 	LDD  R@1,Z+@2+1
                 	.ENDM
                 
                 	.MACRO __GETD2Z
                 	LDD  R26,Z+@0
                 	LDD  R27,Z+@0+1
                 	LDD  R24,Z+@0+2
                 	LDD  R25,Z+@0+3
                 	.ENDM
                 
                 	.MACRO __GETB2MN
                 	LDS  R26,@0+(@1)
                 	.ENDM
                 
                 	.MACRO __GETW2MN
                 	LDS  R26,@0+(@1)
                 	LDS  R27,@0+(@1)+1
                 	.ENDM
                 
                 	.MACRO __GETD2MN
                 	LDS  R26,@0+(@1)
                 	LDS  R27,@0+(@1)+1
                 	LDS  R24,@0+(@1)+2
                 	LDS  R25,@0+(@1)+3
                 	.ENDM
                 
                 	.MACRO __PUTB1MN
                 	STS  @0+(@1),R30
                 	.ENDM
                 
                 	.MACRO __PUTW1MN
                 	STS  @0+(@1),R30
                 	STS  @0+(@1)+1,R31
                 	.ENDM
                 
                 	.MACRO __PUTD1MN
                 	STS  @0+(@1),R30
                 	STS  @0+(@1)+1,R31
                 	STS  @0+(@1)+2,R22
                 	STS  @0+(@1)+3,R23
                 	.ENDM
                 
                 	.MACRO __PUTB1EN
                 	LDI  R26,LOW(@0+(@1))
                 	LDI  R27,HIGH(@0+(@1))
                 	CALL __EEPROMWRB
                 	.ENDM
                 
                 	.MACRO __PUTW1EN
                 	LDI  R26,LOW(@0+(@1))
                 	LDI  R27,HIGH(@0+(@1))
                 	CALL __EEPROMWRW
                 	.ENDM
                 
                 	.MACRO __PUTD1EN
                 	LDI  R26,LOW(@0+(@1))
                 	LDI  R27,HIGH(@0+(@1))
                 	CALL __EEPROMWRD
                 	.ENDM
                 
                 	.MACRO __PUTBR0MN
                 	STS  @0+(@1),R0
                 	.ENDM
                 
                 	.MACRO __PUTBMRN
                 	STS  @0+(@1),R@2
                 	.ENDM
                 
                 	.MACRO __PUTWMRN
                 	STS  @0+(@1),R@2
                 	STS  @0+(@1)+1,R@3
                 	.ENDM
                 
                 	.MACRO __PUTBZR
                 	STD  Z+@1,R@0
                 	.ENDM
                 
                 	.MACRO __PUTWZR
                 	STD  Z+@2,R@0
                 	STD  Z+@2+1,R@1
                 	.ENDM
                 
                 	.MACRO __GETW1R
                 	MOV  R30,R@0
                 	MOV  R31,R@1
                 	.ENDM
                 
                 	.MACRO __GETW2R
                 	MOV  R26,R@0
                 	MOV  R27,R@1
                 	.ENDM
                 
                 	.MACRO __GETWRN
                 	LDI  R@0,LOW(@2)
                 	LDI  R@1,HIGH(@2)
                 	.ENDM
                 
                 	.MACRO __PUTW1R
                 	MOV  R@0,R30
                 	MOV  R@1,R31
                 	.ENDM
                 
                 	.MACRO __PUTW2R
                 	MOV  R@0,R26
                 	MOV  R@1,R27
                 	.ENDM
                 
                 	.MACRO __ADDWRN
                 	SUBI R@0,LOW(-@2)
                 	SBCI R@1,HIGH(-@2)
                 	.ENDM
                 
                 	.MACRO __ADDWRR
                 	ADD  R@0,R@2
                 	ADC  R@1,R@3
                 	.ENDM
                 
                 	.MACRO __SUBWRN
                 	SUBI R@0,LOW(@2)
                 	SBCI R@1,HIGH(@2)
                 	.ENDM
                 
                 	.MACRO __SUBWRR
                 	SUB  R@0,R@2
                 	SBC  R@1,R@3
                 	.ENDM
                 
                 	.MACRO __ANDWRN
                 	ANDI R@0,LOW(@2)
                 	ANDI R@1,HIGH(@2)
                 	.ENDM
                 
                 	.MACRO __ANDWRR
                 	AND  R@0,R@2
                 	AND  R@1,R@3
                 	.ENDM
                 
                 	.MACRO __ORWRN
                 	ORI  R@0,LOW(@2)
                 	ORI  R@1,HIGH(@2)
                 	.ENDM
                 
                 	.MACRO __ORWRR
                 	OR   R@0,R@2
                 	OR   R@1,R@3
                 	.ENDM
                 
                 	.MACRO __EORWRR
                 	EOR  R@0,R@2
                 	EOR  R@1,R@3
                 	.ENDM
                 
                 	.MACRO __GETWRS
                 	LDD  R@0,Y+@2
                 	LDD  R@1,Y+@2+1
                 	.ENDM
                 
                 	.MACRO __PUTBSR
                 	STD  Y+@1,R@0
                 	.ENDM
                 
                 	.MACRO __PUTWSR
                 	STD  Y+@2,R@0
                 	STD  Y+@2+1,R@1
                 	.ENDM
                 
                 	.MACRO __MOVEWRR
                 	MOV  R@0,R@2
                 	MOV  R@1,R@3
                 	.ENDM
                 
                 	.MACRO __INWR
                 	IN   R@0,@2
                 	IN   R@1,@2+1
                 	.ENDM
                 
                 	.MACRO __OUTWR
                 	OUT  @2+1,R@1
                 	OUT  @2,R@0
                 	.ENDM
                 
                 	.MACRO __CALL1MN
                 	LDS  R30,@0+(@1)
                 	LDS  R31,@0+(@1)+1
                 	ICALL
                 	.ENDM
                 
                 	.MACRO __CALL1FN
                 	LDI  R30,LOW(2*@0+(@1))
                 	LDI  R31,HIGH(2*@0+(@1))
                 	CALL __GETW1PF
                 	ICALL
                 	.ENDM
                 
                 	.MACRO __CALL2EN
                 	LDI  R26,LOW(@0+(@1))
                 	LDI  R27,HIGH(@0+(@1))
                 	CALL __EEPROMRDW
                 	ICALL
                 	.ENDM
                 
                 	.MACRO __GETW1STACK
                 	IN   R26,SPL
                 	IN   R27,SPH
                 	ADIW R26,@0+1
                 	LD   R30,X+
                 	LD   R31,X
                 	.ENDM
                 
                 	.MACRO __GETD1STACK
                 	IN   R26,SPL
                 	IN   R27,SPH
                 	ADIW R26,@0+1
                 	LD   R30,X+
                 	LD   R31,X+
                 	LD   R22,X
                 	.ENDM
                 
                 	.MACRO __NBST
                 	BST  R@0,@1
                 	IN   R30,SREG
                 	LDI  R31,0x40
                 	EOR  R30,R31
                 	OUT  SREG,R30
                 	.ENDM
                 
                 
                 	.MACRO __PUTB1SN
                 	LDD  R26,Y+@0
                 	LDD  R27,Y+@0+1
                 	SUBI R26,LOW(-@1)
                 	SBCI R27,HIGH(-@1)
                 	ST   X,R30
                 	.ENDM
                 
                 	.MACRO __PUTW1SN
                 	LDD  R26,Y+@0
                 	LDD  R27,Y+@0+1
                 	SUBI R26,LOW(-@1)
                 	SBCI R27,HIGH(-@1)
                 	ST   X+,R30
                 	ST   X,R31
                 	.ENDM
                 
                 	.MACRO __PUTD1SN
                 	LDD  R26,Y+@0
                 	LDD  R27,Y+@0+1
                 	SUBI R26,LOW(-@1)
                 	SBCI R27,HIGH(-@1)
                 	CALL __PUTDP1
                 	.ENDM
                 
                 	.MACRO __PUTB1SNS
                 	LDD  R26,Y+@0
                 	LDD  R27,Y+@0+1
                 	ADIW R26,@1
                 	ST   X,R30
                 	.ENDM
                 
                 	.MACRO __PUTW1SNS
                 	LDD  R26,Y+@0
                 	LDD  R27,Y+@0+1
                 	ADIW R26,@1
                 	ST   X+,R30
                 	ST   X,R31
                 	.ENDM
                 
                 	.MACRO __PUTD1SNS
                 	LDD  R26,Y+@0
                 	LDD  R27,Y+@0+1
                 	ADIW R26,@1
                 	CALL __PUTDP1
                 	.ENDM
                 
                 	.MACRO __PUTB1PMN
                 	LDS  R26,@0
                 	LDS  R27,@0+1
                 	SUBI R26,LOW(-@1)
                 	SBCI R27,HIGH(-@1)
                 	ST   X,R30
                 	.ENDM
                 
                 	.MACRO __PUTW1PMN
                 	LDS  R26,@0
                 	LDS  R27,@0+1
                 	SUBI R26,LOW(-@1)
                 	SBCI R27,HIGH(-@1)
                 	ST   X+,R30
                 	ST   X,R31
                 	.ENDM
                 
                 	.MACRO __PUTD1PMN
                 	LDS  R26,@0
                 	LDS  R27,@0+1
                 	SUBI R26,LOW(-@1)
                 	SBCI R27,HIGH(-@1)
                 	CALL __PUTDP1
                 	.ENDM
                 
                 	.MACRO __PUTB1PMNS
                 	LDS  R26,@0
                 	LDS  R27,@0+1
                 	ADIW R26,@1
                 	ST   X,R30
                 	.ENDM
                 
                 	.MACRO __PUTW1PMNS
                 	LDS  R26,@0
                 	LDS  R27,@0+1
                 	ADIW R26,@1
                 	ST   X+,R30
                 	ST   X,R31
                 	.ENDM
                 
                 	.MACRO __PUTD1PMNS
                 	LDS  R26,@0
                 	LDS  R27,@0+1
                 	ADIW R26,@1
                 	CALL __PUTDP1
                 	.ENDM
                 
                 	.MACRO __PUTB1RN
                 	MOVW R26,R@0
                 	SUBI R26,LOW(-@1)
                 	SBCI R27,HIGH(-@1)
                 	ST   X,R30
                 	.ENDM
                 
                 	.MACRO __PUTW1RN
                 	MOVW R26,R@0
                 	SUBI R26,LOW(-@1)
                 	SBCI R27,HIGH(-@1)
                 	ST   X+,R30
                 	ST   X,R31
                 	.ENDM
                 
                 	.MACRO __PUTD1RN
                 	MOVW R26,R@0
                 	SUBI R26,LOW(-@1)
                 	SBCI R27,HIGH(-@1)
                 	CALL __PUTDP1
                 	.ENDM
                 
                 	.MACRO __PUTB1RNS
                 	MOVW R26,R@0
                 	ADIW R26,@1
                 	ST   X,R30
                 	.ENDM
                 
                 	.MACRO __PUTW1RNS
                 	MOVW R26,R@0
                 	ADIW R26,@1
                 	ST   X+,R30
                 	ST   X,R31
                 	.ENDM
                 
                 	.MACRO __PUTD1RNS
                 	MOVW R26,R@0
                 	ADIW R26,@1
                 	CALL __PUTDP1
                 	.ENDM
                 
                 	.MACRO __PUTB1RON
                 	MOV  R26,R@0
                 	MOV  R27,R@1
                 	SUBI R26,LOW(-@2)
                 	SBCI R27,HIGH(-@2)
                 	ST   X,R30
                 	.ENDM
                 
                 	.MACRO __PUTW1RON
                 	MOV  R26,R@0
                 	MOV  R27,R@1
                 	SUBI R26,LOW(-@2)
                 	SBCI R27,HIGH(-@2)
                 	ST   X+,R30
                 	ST   X,R31
                 	.ENDM
                 
                 	.MACRO __PUTD1RON
                 	MOV  R26,R@0
                 	MOV  R27,R@1
                 	SUBI R26,LOW(-@2)
                 	SBCI R27,HIGH(-@2)
                 	CALL __PUTDP1
                 	.ENDM
                 
                 	.MACRO __PUTB1RONS
                 	MOV  R26,R@0
                 	MOV  R27,R@1
                 	ADIW R26,@2
                 	ST   X,R30
                 	.ENDM
                 
                 	.MACRO __PUTW1RONS
                 	MOV  R26,R@0
                 	MOV  R27,R@1
                 	ADIW R26,@2
                 	ST   X+,R30
                 	ST   X,R31
                 	.ENDM
                 
                 	.MACRO __PUTD1RONS
                 	MOV  R26,R@0
                 	MOV  R27,R@1
                 	ADIW R26,@2
                 	CALL __PUTDP1
                 	.ENDM
                 
                 
                 	.MACRO __GETB1SX
                 	MOVW R30,R28
                 	SUBI R30,LOW(-@0)
                 	SBCI R31,HIGH(-@0)
                 	LD   R30,Z
                 	.ENDM
                 
                 	.MACRO __GETB1HSX
                 	MOVW R30,R28
                 	SUBI R30,LOW(-@0)
                 	SBCI R31,HIGH(-@0)
                 	LD   R31,Z
                 	.ENDM
                 
                 	.MACRO __GETW1SX
                 	MOVW R30,R28
                 	SUBI R30,LOW(-@0)
                 	SBCI R31,HIGH(-@0)
                 	LD   R0,Z+
                 	LD   R31,Z
                 	MOV  R30,R0
                 	.ENDM
                 
                 	.MACRO __GETD1SX
                 	MOVW R30,R28
                 	SUBI R30,LOW(-@0)
                 	SBCI R31,HIGH(-@0)
                 	LD   R0,Z+
                 	LD   R1,Z+
                 	LD   R22,Z+
                 	LD   R23,Z
                 	MOVW R30,R0
                 	.ENDM
                 
                 	.MACRO __GETB2SX
                 	MOVW R26,R28
                 	SUBI R26,LOW(-@0)
                 	SBCI R27,HIGH(-@0)
                 	LD   R26,X
                 	.ENDM
                 
                 	.MACRO __GETW2SX
                 	MOVW R26,R28
                 	SUBI R26,LOW(-@0)
                 	SBCI R27,HIGH(-@0)
                 	LD   R0,X+
                 	LD   R27,X
                 	MOV  R26,R0
                 	.ENDM
                 
                 	.MACRO __GETD2SX
                 	MOVW R26,R28
                 	SUBI R26,LOW(-@0)
                 	SBCI R27,HIGH(-@0)
                 	LD   R0,X+
                 	LD   R1,X+
                 	LD   R24,X+
                 	LD   R25,X
                 	MOVW R26,R0
                 	.ENDM
                 
                 	.MACRO __GETBRSX
                 	MOVW R30,R28
                 	SUBI R30,LOW(-@1)
                 	SBCI R31,HIGH(-@1)
                 	LD   R@0,Z
                 	.ENDM
                 
                 	.MACRO __GETWRSX
                 	MOVW R30,R28
                 	SUBI R30,LOW(-@2)
                 	SBCI R31,HIGH(-@2)
                 	LD   R@0,Z+
                 	LD   R@1,Z
                 	.ENDM
                 
                 	.MACRO __GETBRSX2
                 	MOVW R26,R28
                 	SUBI R26,LOW(-@1)
                 	SBCI R27,HIGH(-@1)
                 	LD   R@0,X
                 	.ENDM
                 
                 	.MACRO __GETWRSX2
                 	MOVW R26,R28
                 	SUBI R26,LOW(-@2)
                 	SBCI R27,HIGH(-@2)
                 	LD   R@0,X+
                 	LD   R@1,X
                 	.ENDM
                 
                 	.MACRO __LSLW8SX
                 	MOVW R30,R28
                 	SUBI R30,LOW(-@0)
                 	SBCI R31,HIGH(-@0)
                 	LD   R31,Z
                 	CLR  R30
                 	.ENDM
                 
                 	.MACRO __PUTB1SX
                 	MOVW R26,R28
                 	SUBI R26,LOW(-@0)
                 	SBCI R27,HIGH(-@0)
                 	ST   X,R30
                 	.ENDM
                 
                 	.MACRO __PUTW1SX
                 	MOVW R26,R28
                 	SUBI R26,LOW(-@0)
                 	SBCI R27,HIGH(-@0)
                 	ST   X+,R30
                 	ST   X,R31
                 	.ENDM
                 
                 	.MACRO __PUTD1SX
                 	MOVW R26,R28
                 	SUBI R26,LOW(-@0)
                 	SBCI R27,HIGH(-@0)
                 	ST   X+,R30
                 	ST   X+,R31
                 	ST   X+,R22
                 	ST   X,R23
                 	.ENDM
                 
                 	.MACRO __CLRW1SX
                 	MOVW R26,R28
                 	SUBI R26,LOW(-@0)
                 	SBCI R27,HIGH(-@0)
                 	ST   X+,R30
                 	ST   X,R30
                 	.ENDM
                 
                 	.MACRO __CLRD1SX
                 	MOVW R26,R28
                 	SUBI R26,LOW(-@0)
                 	SBCI R27,HIGH(-@0)
                 	ST   X+,R30
                 	ST   X+,R30
                 	ST   X+,R30
                 	ST   X,R30
                 	.ENDM
                 
                 	.MACRO __PUTB2SX
                 	MOVW R30,R28
                 	SUBI R30,LOW(-@0)
                 	SBCI R31,HIGH(-@0)
                 	ST   Z,R26
                 	.ENDM
                 
                 	.MACRO __PUTW2SX
                 	MOVW R30,R28
                 	SUBI R30,LOW(-@0)
                 	SBCI R31,HIGH(-@0)
                 	ST   Z+,R26
                 	ST   Z,R27
                 	.ENDM
                 
                 	.MACRO __PUTD2SX
                 	MOVW R30,R28
                 	SUBI R30,LOW(-@0)
                 	SBCI R31,HIGH(-@0)
                 	ST   Z+,R26
                 	ST   Z+,R27
                 	ST   Z+,R24
                 	ST   Z,R25
                 	.ENDM
                 
                 	.MACRO __PUTBSRX
                 	MOVW R30,R28
                 	SUBI R30,LOW(-@1)
                 	SBCI R31,HIGH(-@1)
                 	ST   Z,R@0
                 	.ENDM
                 
                 	.MACRO __PUTWSRX
                 	MOVW R30,R28
                 	SUBI R30,LOW(-@2)
                 	SBCI R31,HIGH(-@2)
                 	ST   Z+,R@0
                 	ST   Z,R@1
                 	.ENDM
                 
                 	.MACRO __PUTB1SNX
                 	MOVW R26,R28
                 	SUBI R26,LOW(-@0)
                 	SBCI R27,HIGH(-@0)
                 	LD   R0,X+
                 	LD   R27,X
                 	MOV  R26,R0
                 	SUBI R26,LOW(-@1)
                 	SBCI R27,HIGH(-@1)
                 	ST   X,R30
                 	.ENDM
                 
                 	.MACRO __PUTW1SNX
                 	MOVW R26,R28
                 	SUBI R26,LOW(-@0)
                 	SBCI R27,HIGH(-@0)
                 	LD   R0,X+
                 	LD   R27,X
                 	MOV  R26,R0
                 	SUBI R26,LOW(-@1)
                 	SBCI R27,HIGH(-@1)
                 	ST   X+,R30
                 	ST   X,R31
                 	.ENDM
                 
                 	.MACRO __PUTD1SNX
                 	MOVW R26,R28
                 	SUBI R26,LOW(-@0)
                 	SBCI R27,HIGH(-@0)
                 	LD   R0,X+
                 	LD   R27,X
                 	MOV  R26,R0
                 	SUBI R26,LOW(-@1)
                 	SBCI R27,HIGH(-@1)
                 	ST   X+,R30
                 	ST   X+,R31
                 	ST   X+,R22
                 	ST   X,R23
                 	.ENDM
                 
                 	.MACRO __MULBRR
                 	MULS R@0,R@1
                 	MOVW R30,R0
                 	.ENDM
                 
                 	.MACRO __MULBRRU
                 	MUL  R@0,R@1
                 	MOVW R30,R0
                 	.ENDM
                 
                 	.MACRO __MULBRR0
                 	MULS R@0,R@1
                 	.ENDM
                 
                 	.MACRO __MULBRRU0
                 	MUL  R@0,R@1
                 	.ENDM
                 
                 	.MACRO __MULBNWRU
                 	LDI  R26,@2
                 	MUL  R26,R@0
                 	MOVW R30,R0
                 	MUL  R26,R@1
                 	ADD  R31,R0
                 	.ENDM
                 
                 ;NAME DEFINITIONS FOR GLOBAL VARIABLES ALLOCATED TO REGISTERS
                 	.DEF __lcd_x=R5
                 	.DEF __lcd_y=R4
                 	.DEF __lcd_maxx=R7
                 
                 	.CSEG
                 	.ORG 0x00
                 
                 ;START OF CODE MARKER
                 __START_OF_CODE:
                 
                 ;INTERRUPT VECTORS
000000 940c 008c 	JMP  __RESET
000002 940c 0000 	JMP  0x00
000004 940c 00bb 	JMP  _ext_int1_isr
000006 940c 0000 	JMP  0x00
000008 940c 0000 	JMP  0x00
00000a 940c 0000 	JMP  0x00
00000c 940c 0000 	JMP  0x00
00000e 940c 0000 	JMP  0x00
000010 940c 0000 	JMP  0x00
000012 940c 0000 	JMP  0x00
000014 940c 0000 	JMP  0x00
000016 940c 0000 	JMP  0x00
000018 940c 0000 	JMP  0x00
00001a 940c 0000 	JMP  0x00
00001c 940c 0000 	JMP  0x00
00001e 940c 0000 	JMP  0x00
000020 940c 0000 	JMP  0x00
000022 940c 0000 	JMP  0x00
000024 940c 0000 	JMP  0x00
000026 940c 0000 	JMP  0x00
000028 940c 0000 	JMP  0x00
                 
                 _0x4:
00002a 0260
00002b 0262
00002c 0264
00002d 0266      	.DB  LOW(_0x3),HIGH(_0x3),LOW(_0x3+2),HIGH(_0x3+2),LOW(_0x3+4),HIGH(_0x3+4),LOW(_0x3+6),HIGH(_0x3+6)
00002e 0268
00002f 026a
000030 026c
000031 026e      	.DB  LOW(_0x3+8),HIGH(_0x3+8),LOW(_0x3+10),HIGH(_0x3+10),LOW(_0x3+12),HIGH(_0x3+12),LOW(_0x3+14),HIGH(_0x3+14)
000032 0270
000033 0272
000034 0274
000035 0276      	.DB  LOW(_0x3+16),HIGH(_0x3+16),LOW(_0x3+18),HIGH(_0x3+18),LOW(_0x3+20),HIGH(_0x3+20),LOW(_0x3+22),HIGH(_0x3+22)
000036 0278
000037 027a
000038 027c
000039 027e      	.DB  LOW(_0x3+24),HIGH(_0x3+24),LOW(_0x3+26),HIGH(_0x3+26),LOW(_0x3+28),HIGH(_0x3+28),LOW(_0x3+30),HIGH(_0x3+30)
                 _0x0:
00003a 0030
00003b 0031
00003c 0032
00003d 0033      	.DB  0x30,0x0,0x31,0x0,0x32,0x0,0x33,0x0
00003e 0034
00003f 0035
000040 0036
000041 0037      	.DB  0x34,0x0,0x35,0x0,0x36,0x0,0x37,0x0
000042 0038
000043 0039
000044 0041
000045 0042      	.DB  0x38,0x0,0x39,0x0,0x41,0x0,0x42,0x0
000046 0043
000047 0044
000048 0045
000049 0046      	.DB  0x43,0x0,0x44,0x0,0x45,0x0,0x46,0x0
00004a 6568
00004b 6c6c
00004c 206f
00004d 6f77      	.DB  0x68,0x65,0x6C,0x6C,0x6F,0x20,0x77,0x6F
00004e 6c72
00004f 2164
C:\Users\Melika\Desktop\scripts\matrix-keyboard-lcd-module\List\matrix-keyboard-lcd-module.asm(1115): warning: .cseg .db misalignment - padding zero byte
000050 0000      	.DB  0x72,0x6C,0x64,0x21,0x0
                 _0x2000003:
000051 c080      	.DB  0x80,0xC0
                 
                 __GLOBAL_INI_TBL:
000052 0002      	.DW  0x02
000053 0260      	.DW  _0x3
000054 0074      	.DW  _0x0*2
                 
000055 0002      	.DW  0x02
000056 0262      	.DW  _0x3+2
000057 0076      	.DW  _0x0*2+2
                 
000058 0002      	.DW  0x02
000059 0264      	.DW  _0x3+4
00005a 0078      	.DW  _0x0*2+4
                 
00005b 0002      	.DW  0x02
00005c 0266      	.DW  _0x3+6
00005d 007a      	.DW  _0x0*2+6
                 
00005e 0002      	.DW  0x02
00005f 0268      	.DW  _0x3+8
000060 007c      	.DW  _0x0*2+8
                 
000061 0002      	.DW  0x02
000062 026a      	.DW  _0x3+10
000063 007e      	.DW  _0x0*2+10
                 
000064 0002      	.DW  0x02
000065 026c      	.DW  _0x3+12
000066 0080      	.DW  _0x0*2+12
                 
000067 0002      	.DW  0x02
000068 026e      	.DW  _0x3+14
000069 0082      	.DW  _0x0*2+14
                 
00006a 0002      	.DW  0x02
00006b 0270      	.DW  _0x3+16
00006c 0084      	.DW  _0x0*2+16
                 
00006d 0002      	.DW  0x02
00006e 0272      	.DW  _0x3+18
00006f 0086      	.DW  _0x0*2+18
                 
000070 0002      	.DW  0x02
000071 0274      	.DW  _0x3+20
000072 0088      	.DW  _0x0*2+20
                 
000073 0002      	.DW  0x02
000074 0276      	.DW  _0x3+22
000075 008a      	.DW  _0x0*2+22
                 
000076 0002      	.DW  0x02
000077 0278      	.DW  _0x3+24
000078 008c      	.DW  _0x0*2+24
                 
000079 0002      	.DW  0x02
00007a 027a      	.DW  _0x3+26
00007b 008e      	.DW  _0x0*2+26
                 
00007c 0002      	.DW  0x02
00007d 027c      	.DW  _0x3+28
00007e 0090      	.DW  _0x0*2+28
                 
00007f 0002      	.DW  0x02
000080 027e      	.DW  _0x3+30
000081 0092      	.DW  _0x0*2+30
                 
000082 0020      	.DW  0x20
000083 028d      	.DW  _symbols
000084 0054      	.DW  _0x4*2
                 
000085 000d      	.DW  0x0D
000086 0280      	.DW  _0x15
000087 0094      	.DW  _0x0*2+32
                 
000088 0002      	.DW  0x02
000089 02ad      	.DW  __base_y_G100
00008a 00a2      	.DW  _0x2000003*2
                 
                 _0xFFFFFFFF:
00008b 0000      	.DW  0
                 
                 __RESET:
00008c 94f8      	CLI
00008d 27ee      	CLR  R30
00008e bbec      	OUT  EECR,R30
                 
                 ;INTERRUPT VECTORS ARE PLACED
                 ;AT THE START OF FLASH
00008f e0f1      	LDI  R31,1
000090 bff5      	OUT  MCUCR,R31
000091 bfe5      	OUT  MCUCR,R30
                 
                 ;DISABLE WATCHDOG
000092 e1f8      	LDI  R31,0x18
000093 bdf1      	OUT  WDTCR,R31
000094 bde1      	OUT  WDTCR,R30
                 
                 ;CLEAR R2-R14
000095 e08d      	LDI  R24,(14-2)+1
000096 e0a2      	LDI  R26,2
000097 27bb      	CLR  R27
                 __CLEAR_REG:
000098 93ed      	ST   X+,R30
000099 958a      	DEC  R24
00009a f7e9      	BRNE __CLEAR_REG
                 
                 ;CLEAR SRAM
00009b e080      	LDI  R24,LOW(__CLEAR_SRAM_SIZE)
00009c e098      	LDI  R25,HIGH(__CLEAR_SRAM_SIZE)
00009d e6a0      	LDI  R26,__SRAM_START
                 __CLEAR_SRAM:
00009e 93ed      	ST   X+,R30
00009f 9701      	SBIW R24,1
0000a0 f7e9      	BRNE __CLEAR_SRAM
                 
                 ;GLOBAL VARIABLES INITIALIZATION
0000a1 eae4      	LDI  R30,LOW(__GLOBAL_INI_TBL*2)
0000a2 e0f0      	LDI  R31,HIGH(__GLOBAL_INI_TBL*2)
                 __GLOBAL_INI_NEXT:
0000a3 9185      	LPM  R24,Z+
0000a4 9195      	LPM  R25,Z+
0000a5 9700      	SBIW R24,0
0000a6 f061      	BREQ __GLOBAL_INI_END
0000a7 91a5      	LPM  R26,Z+
0000a8 91b5      	LPM  R27,Z+
0000a9 9005      	LPM  R0,Z+
0000aa 9015      	LPM  R1,Z+
0000ab 01bf      	MOVW R22,R30
0000ac 01f0      	MOVW R30,R0
                 __GLOBAL_INI_LOOP:
0000ad 9005      	LPM  R0,Z+
0000ae 920d      	ST   X+,R0
0000af 9701      	SBIW R24,1
0000b0 f7e1      	BRNE __GLOBAL_INI_LOOP
0000b1 01fb      	MOVW R30,R22
0000b2 cff0      	RJMP __GLOBAL_INI_NEXT
                 __GLOBAL_INI_END:
                 
                 ;HARDWARE STACK POINTER INITIALIZATION
0000b3 e5ef      	LDI  R30,LOW(__SRAM_END-__HEAP_SIZE)
0000b4 bfed      	OUT  SPL,R30
0000b5 e0e8      	LDI  R30,HIGH(__SRAM_END-__HEAP_SIZE)
0000b6 bfee      	OUT  SPH,R30
                 
                 ;DATA STACK POINTER INITIALIZATION
0000b7 e6c0      	LDI  R28,LOW(__SRAM_START+__DSTACK_SIZE)
0000b8 e0d2      	LDI  R29,HIGH(__SRAM_START+__DSTACK_SIZE)
                 
0000b9 940c 0137 	JMP  _main
                 
                 	.ESEG
                 	.ORG 0
                 
                 	.DSEG
                 	.ORG 0x260
                 
                 	.CSEG
                 ;/*****************************************************
                 ;This program was produced by the
                 ;CodeWizardAVR V2.05.3 Standard
                 ;Automatic Program Generator
                 ;© Copyright 1998-2011 Pavel Haiduc, HP InfoTech s.r.l.
                 ;http://www.hpinfotech.com
                 ;
                 ;Project : matrix-keyboard-lcd-module
                 ;Version : 1.0.0
                 ;Date    : 7/5/2017
                 ;Author  : melika barzegaran hosseini 9231035 - soroush kavousi 9231077
                 ;Company :
                 ;Comments:
                 ;a script to test whether the interrupt-based matrix keyboard and the lcd module work correctly together
                 ;
                 ;
                 ;Chip type               : ATmega32A
                 ;Program type            : Application
                 ;AVR Core Clock frequency: 1.000000 MHz
                 ;Memory model            : Small
                 ;External RAM size       : 0
                 ;Data Stack size         : 512
                 ;*****************************************************/
                 ;
                 ;/*****************************************************
                 ;instructions:
                 ;0. fuse bit setup:
                 ;    - CKSEL[3:0] = 0001
                 ;    - CKOPT = 1
                 ;    - SUT[1:0] = 10
                 ;1. disable led module (JP1).
                 ;2. disable buzzer module (JP2).
                 ;3. disable 7segment module (JP3).
                 ;4. diable pwm module (JP4).
                 ;5. disable analog comparator module (JP5 and JP6).
                 ;7. add the lcd to the board.
                 ;*****************************************************/
                 ;
                 ;#include <mega32a.h>
                 	#ifndef __SLEEP_DEFINED__
                 	#define __SLEEP_DEFINED__
                 	.EQU __se_bit=0x80
                 	.EQU __sm_mask=0x70
                 	.EQU __sm_powerdown=0x20
                 	.EQU __sm_powersave=0x30
                 	.EQU __sm_standby=0x60
                 	.EQU __sm_ext_standby=0x70
                 	.EQU __sm_adc_noise_red=0x10
                 	.SET power_ctrl_reg=mcucr
                 	#endif
                 ;#include <alcd.h>
                 ;#include <delay.h>
                 ;
                 ;void delay();
                 ;void show(int number);
                 ;
                 ;//define an array to hold bits to show numbers in a common-anode 7segment.
                 ;unsigned char* symbols[16] = {"0", "1", "2", "3", "4", "5", "6", "7", "8", "9", "A", "B", "C", "D", "E", "F"};
                 
                 	.DSEG
                 _0x3:
000260           	.BYTE 0x20
                 ;
                 ;interrupt [EXT_INT1] void ext_int1_isr(void)
                 ; 0000 0032 {
                 
                 	.CSEG
                 _ext_int1_isr:
0000bb 920a      	ST   -Y,R0
0000bc 921a      	ST   -Y,R1
0000bd 92fa      	ST   -Y,R15
0000be 936a      	ST   -Y,R22
0000bf 937a      	ST   -Y,R23
0000c0 938a      	ST   -Y,R24
0000c1 939a      	ST   -Y,R25
0000c2 93aa      	ST   -Y,R26
0000c3 93ba      	ST   -Y,R27
0000c4 93ea      	ST   -Y,R30
0000c5 93fa      	ST   -Y,R31
0000c6 b7ef      	IN   R30,SREG
0000c7 93ea      	ST   -Y,R30
                 ; 0000 0033     //pull up all the rows except the first row.
                 ; 0000 0034     //if the first row is the target, find the target column and show the number.
                 ; 0000 0035     PORTA = 0b11101111;
0000c8 eeef      	LDI  R30,LOW(239)
0000c9 bbeb      	OUT  0x1B,R30
                 ; 0000 0036     delay();
0000ca d059      	RCALL _delay
                 ; 0000 0037     if(PINA.0 == 0) show(0);
0000cb 99c8      	SBIC 0x19,0
0000cc c002      	RJMP _0x5
0000cd e0a0      	LDI  R26,LOW(0)
0000ce d119      	RCALL SUBOPT_0x0
                 ; 0000 0038     if(PINA.1 == 0) show(1);
                 _0x5:
0000cf 99c9      	SBIC 0x19,1
0000d0 c002      	RJMP _0x6
0000d1 e0a1      	LDI  R26,LOW(1)
0000d2 d115      	RCALL SUBOPT_0x0
                 ; 0000 0039     if(PINA.2 == 0) show(2);
                 _0x6:
0000d3 99ca      	SBIC 0x19,2
0000d4 c002      	RJMP _0x7
0000d5 e0a2      	LDI  R26,LOW(2)
0000d6 d111      	RCALL SUBOPT_0x0
                 ; 0000 003A     if(PINA.3 == 0) show(3);
                 _0x7:
0000d7 99cb      	SBIC 0x19,3
0000d8 c002      	RJMP _0x8
0000d9 e0a3      	LDI  R26,LOW(3)
0000da d10d      	RCALL SUBOPT_0x0
                 ; 0000 003B 
                 ; 0000 003C     //pull up all the rows except the second row.
                 ; 0000 003D     //if the second row is the target, find the target column and show the number.
                 ; 0000 003E     PORTA = 0b11011111;
                 _0x8:
0000db edef      	LDI  R30,LOW(223)
0000dc bbeb      	OUT  0x1B,R30
                 ; 0000 003F     delay();
0000dd d046      	RCALL _delay
                 ; 0000 0040     if(PINA.0 == 0) show(4);
0000de 99c8      	SBIC 0x19,0
0000df c002      	RJMP _0x9
0000e0 e0a4      	LDI  R26,LOW(4)
0000e1 d106      	RCALL SUBOPT_0x0
                 ; 0000 0041     if(PINA.1 == 0) show(5);
                 _0x9:
0000e2 99c9      	SBIC 0x19,1
0000e3 c002      	RJMP _0xA
0000e4 e0a5      	LDI  R26,LOW(5)
0000e5 d102      	RCALL SUBOPT_0x0
                 ; 0000 0042     if(PINA.2 == 0) show(6);
                 _0xA:
0000e6 99ca      	SBIC 0x19,2
0000e7 c002      	RJMP _0xB
0000e8 e0a6      	LDI  R26,LOW(6)
0000e9 d0fe      	RCALL SUBOPT_0x0
                 ; 0000 0043     if(PINA.3 == 0) show(7);
                 _0xB:
0000ea 99cb      	SBIC 0x19,3
0000eb c002      	RJMP _0xC
0000ec e0a7      	LDI  R26,LOW(7)
0000ed d0fa      	RCALL SUBOPT_0x0
                 ; 0000 0044 
                 ; 0000 0045     //pull up all the rows except the third row.
                 ; 0000 0046     //if the third row is the target, find the target column and show the number.
                 ; 0000 0047     PORTA = 0b10111111;
                 _0xC:
0000ee ebef      	LDI  R30,LOW(191)
0000ef bbeb      	OUT  0x1B,R30
                 ; 0000 0048     delay();
0000f0 d033      	RCALL _delay
                 ; 0000 0049     if(PINA.0 == 0) show(8);
0000f1 99c8      	SBIC 0x19,0
0000f2 c002      	RJMP _0xD
0000f3 e0a8      	LDI  R26,LOW(8)
0000f4 d0f3      	RCALL SUBOPT_0x0
                 ; 0000 004A     if(PINA.1 == 0) show(9);
                 _0xD:
0000f5 99c9      	SBIC 0x19,1
0000f6 c002      	RJMP _0xE
0000f7 e0a9      	LDI  R26,LOW(9)
0000f8 d0ef      	RCALL SUBOPT_0x0
                 ; 0000 004B     if(PINA.2 == 0) show(10);
                 _0xE:
0000f9 99ca      	SBIC 0x19,2
0000fa c002      	RJMP _0xF
0000fb e0aa      	LDI  R26,LOW(10)
0000fc d0eb      	RCALL SUBOPT_0x0
                 ; 0000 004C     if(PINA.3 == 0) show(11);
                 _0xF:
0000fd 99cb      	SBIC 0x19,3
0000fe c002      	RJMP _0x10
0000ff e0ab      	LDI  R26,LOW(11)
000100 d0e7      	RCALL SUBOPT_0x0
                 ; 0000 004D 
                 ; 0000 004E     //pull up all the rows except the fourth row.
                 ; 0000 004F     //if the fourth row is the target, find the target column and show the number.
                 ; 0000 0050     PORTA = 0b01111111;
                 _0x10:
000101 e7ef      	LDI  R30,LOW(127)
000102 bbeb      	OUT  0x1B,R30
                 ; 0000 0051     delay();
000103 d020      	RCALL _delay
                 ; 0000 0052     if(PINA.0 == 0) show(12);
000104 99c8      	SBIC 0x19,0
000105 c002      	RJMP _0x11
000106 e0ac      	LDI  R26,LOW(12)
000107 d0e0      	RCALL SUBOPT_0x0
                 ; 0000 0053     if(PINA.1 == 0) show(13);
                 _0x11:
000108 99c9      	SBIC 0x19,1
000109 c002      	RJMP _0x12
00010a e0ad      	LDI  R26,LOW(13)
00010b d0dc      	RCALL SUBOPT_0x0
                 ; 0000 0054     if(PINA.2 == 0) show(14);
                 _0x12:
00010c 99ca      	SBIC 0x19,2
00010d c002      	RJMP _0x13
00010e e0ae      	LDI  R26,LOW(14)
00010f d0d8      	RCALL SUBOPT_0x0
                 ; 0000 0055     if(PINA.3 == 0) show(15);
                 _0x13:
000110 99cb      	SBIC 0x19,3
000111 c002      	RJMP _0x14
000112 e0af      	LDI  R26,LOW(15)
000113 d0d4      	RCALL SUBOPT_0x0
                 ; 0000 0056 
                 ; 0000 0057     // change configurations to normal.
                 ; 0000 0058     PORTA = 0x0F;
                 _0x14:
000114 e0ef      	LDI  R30,LOW(15)
000115 bbeb      	OUT  0x1B,R30
                 ; 0000 0059 }
000116 91e9      	LD   R30,Y+
000117 bfef      	OUT  SREG,R30
000118 91f9      	LD   R31,Y+
000119 91e9      	LD   R30,Y+
00011a 91b9      	LD   R27,Y+
00011b 91a9      	LD   R26,Y+
00011c 9199      	LD   R25,Y+
00011d 9189      	LD   R24,Y+
00011e 9179      	LD   R23,Y+
00011f 9169      	LD   R22,Y+
000120 90f9      	LD   R15,Y+
000121 9019      	LD   R1,Y+
000122 9009      	LD   R0,Y+
000123 9518      	RETI
                 ;
                 ;void delay()
                 ; 0000 005C {
                 _delay:
                 ; 0000 005D     // make a delay so that the microcontroller syncs between PIN and PORT registers.
                 ; 0000 005E     delay_ms(1);
000124 e0a1      	LDI  R26,LOW(1)
000125 d0c4      	RCALL SUBOPT_0x1
                 ; 0000 005F }
000126 9508      	RET
                 ;
                 ;void show(int number)
                 ; 0000 0062 {
                 _show:
                 ; 0000 0063     // clear the lcd.
                 ; 0000 0064     lcd_clear();
000127 93ba      	ST   -Y,R27
000128 93aa      	ST   -Y,R26
                 ;	number -> Y+0
000129 d062      	RCALL _lcd_clear
                 ; 0000 0065 
                 ; 0000 0066     // show the number on the lcd.
                 ; 0000 0067     lcd_puts(symbols[number]);
00012a 81e8      	LD   R30,Y
00012b 81f9      	LDD  R31,Y+1
00012c e8ad      	LDI  R26,LOW(_symbols)
00012d e0b2      	LDI  R27,HIGH(_symbols)
00012e 0fee      	LSL  R30
00012f 1fff      	ROL  R31
000130 0fae      	ADD  R26,R30
000131 1fbf      	ADC  R27,R31
000132 940e 01fd 	CALL __GETW1P
000134 01df      	MOVW R26,R30
000135 d078      	RCALL _lcd_puts
                 ; 0000 0068 }
000136 c053      	RJMP _0x2020002
                 ;
                 ;void main(void)
                 ; 0000 006B {
                 _main:
                 ; 0000 006C     // define columns as input and rows as output.
                 ; 0000 006D     // pull up columns and pull down rows.
                 ; 0000 006E     DDRA = 0xF0;
000137 efe0      	LDI  R30,LOW(240)
000138 bbea      	OUT  0x1A,R30
                 ; 0000 006F     PORTA = 0x0F;
000139 e0ef      	LDI  R30,LOW(15)
00013a bbeb      	OUT  0x1B,R30
                 ; 0000 0070 
                 ; 0000 0071     // make lcd ports output.
                 ; 0000 0072     // turn the lcd off.
                 ; 0000 0073     DDRC = 0xFF;
00013b efef      	LDI  R30,LOW(255)
00013c bbe4      	OUT  0x14,R30
                 ; 0000 0074     PORTC = 0x00;
00013d e0e0      	LDI  R30,LOW(0)
00013e bbe5      	OUT  0x15,R30
                 ; 0000 0075 
                 ; 0000 0076     // define external interrupt #0 output and pull it up.
                 ; 0000 0077     // it is so important to pull this pin. if it is not pulled up, no interrupt
                 ; 0000 0078     // would be generated whenever a switch is pressed.
                 ; 0000 0079     DDRD = 0x00;
00013f bbe1      	OUT  0x11,R30
                 ; 0000 007A     PORTD = 0x08;
000140 e0e8      	LDI  R30,LOW(8)
000141 bbe2      	OUT  0x12,R30
                 ; 0000 007B 
                 ; 0000 007C     // enable external interrupt #1.
                 ; 0000 007D     GICR = 0x80;
000142 e8e0      	LDI  R30,LOW(128)
000143 bfeb      	OUT  0x3B,R30
                 ; 0000 007E 
                 ; 0000 007F     // make the switches sensitive to low level.
                 ; 0000 0080     MCUCR = 0x00;
000144 e0e0      	LDI  R30,LOW(0)
000145 bfe5      	OUT  0x35,R30
                 ; 0000 0081 
                 ; 0000 0082     // setup the lcd.
                 ; 0000 0083     lcd_init(16);
000146 e1a0      	LDI  R26,LOW(16)
000147 d077      	RCALL _lcd_init
                 ; 0000 0084     lcd_puts("hello world!");
                +
000148 e8a0     +LDI R26 , LOW ( _0x15 + ( 0 ) )
000149 e0b2     +LDI R27 , HIGH ( _0x15 + ( 0 ) )
                 	__POINTW2MN _0x15,0
00014a d063      	RCALL _lcd_puts
                 ; 0000 0085 
                 ; 0000 0086     // enable interrupts.
                 ; 0000 0087     #asm("sei")
00014b 9478      	sei
                 ; 0000 0088 
                 ; 0000 0089     // endless loop.
                 ; 0000 008A     while (1);
                 _0x16:
00014c cfff      	RJMP _0x16
                 ; 0000 008B }
                 _0x19:
00014d cfff      	RJMP _0x19
                 
                 	.DSEG
                 _0x15:
000280           	.BYTE 0xD
                 	#ifndef __SLEEP_DEFINED__
                 	#endif
                 
                 	.DSEG
                 
                 	.CSEG
                 __lcd_write_nibble_G100:
00014e 93aa      	ST   -Y,R26
00014f 81e8      	LD   R30,Y
000150 71e0      	ANDI R30,LOW(0x10)
000151 f011      	BREQ _0x2000004
000152 9aab      	SBI  0x15,3
000153 c001      	RJMP _0x2000005
                 _0x2000004:
000154 98ab      	CBI  0x15,3
                 _0x2000005:
000155 81e8      	LD   R30,Y
000156 72e0      	ANDI R30,LOW(0x20)
000157 f011      	BREQ _0x2000006
000158 9aac      	SBI  0x15,4
000159 c001      	RJMP _0x2000007
                 _0x2000006:
00015a 98ac      	CBI  0x15,4
                 _0x2000007:
00015b 81e8      	LD   R30,Y
00015c 74e0      	ANDI R30,LOW(0x40)
00015d f011      	BREQ _0x2000008
00015e 9aad      	SBI  0x15,5
00015f c001      	RJMP _0x2000009
                 _0x2000008:
000160 98ad      	CBI  0x15,5
                 _0x2000009:
000161 81e8      	LD   R30,Y
000162 78e0      	ANDI R30,LOW(0x80)
000163 f011      	BREQ _0x200000A
000164 9aae      	SBI  0x15,6
000165 c001      	RJMP _0x200000B
                 _0x200000A:
000166 98ae      	CBI  0x15,6
                 _0x200000B:
                +
000167 e081     +LDI R24 , LOW ( 1 )
                +__DELAY_USB_LOOP :
000168 958a     +DEC R24
000169 f7f1     +BRNE __DELAY_USB_LOOP
                 	__DELAY_USB 1
00016a 9aaa      	SBI  0x15,2
                +
00016b e082     +LDI R24 , LOW ( 2 )
                +__DELAY_USB_LOOP :
00016c 958a     +DEC R24
00016d f7f1     +BRNE __DELAY_USB_LOOP
                 	__DELAY_USB 2
00016e 98aa      	CBI  0x15,2
                +
00016f e082     +LDI R24 , LOW ( 2 )
                +__DELAY_USB_LOOP :
000170 958a     +DEC R24
000171 f7f1     +BRNE __DELAY_USB_LOOP
                 	__DELAY_USB 2
000172 c073      	RJMP _0x2020001
                 __lcd_write_data:
000173 93aa      	ST   -Y,R26
000174 81a8      	LD   R26,Y
000175 dfd8      	RCALL __lcd_write_nibble_G100
000176 81e8          ld    r30,y
000177 95e2          swap  r30
000178 83e8          st    y,r30
000179 81a8      	LD   R26,Y
00017a dfd3      	RCALL __lcd_write_nibble_G100
                +
00017b e181     +LDI R24 , LOW ( 17 )
                +__DELAY_USB_LOOP :
00017c 958a     +DEC R24
00017d f7f1     +BRNE __DELAY_USB_LOOP
                 	__DELAY_USB 17
00017e c067      	RJMP _0x2020001
                 _lcd_gotoxy:
00017f 93aa      	ST   -Y,R26
000180 81e8      	LD   R30,Y
000181 e0f0      	LDI  R31,0
000182 55e3      	SUBI R30,LOW(-__base_y_G100)
000183 4ffd      	SBCI R31,HIGH(-__base_y_G100)
000184 81e0      	LD   R30,Z
000185 81a9      	LDD  R26,Y+1
000186 0fae      	ADD  R26,R30
000187 dfeb      	RCALL __lcd_write_data
000188 8059      	LDD  R5,Y+1
000189 8048      	LDD  R4,Y+0
                 _0x2020002:
00018a 9622      	ADIW R28,2
00018b 9508      	RET
                 _lcd_clear:
00018c e0a2      	LDI  R26,LOW(2)
00018d dfe5      	RCALL __lcd_write_data
00018e e0a3      	LDI  R26,LOW(3)
00018f d05a      	RCALL SUBOPT_0x1
000190 e0ac      	LDI  R26,LOW(12)
000191 dfe1      	RCALL __lcd_write_data
000192 e0a1      	LDI  R26,LOW(1)
000193 dfdf      	RCALL __lcd_write_data
000194 e0a3      	LDI  R26,LOW(3)
000195 d054      	RCALL SUBOPT_0x1
000196 e0e0      	LDI  R30,LOW(0)
000197 2e4e      	MOV  R4,R30
000198 2e5e      	MOV  R5,R30
000199 9508      	RET
                 _lcd_putchar:
00019a 93aa      	ST   -Y,R26
00019b 81a8      	LD   R26,Y
00019c 30aa      	CPI  R26,LOW(0xA)
00019d f011      	BREQ _0x2000011
00019e 1457      	CP   R5,R7
00019f f040      	BRLO _0x2000010
                 _0x2000011:
0001a0 e0e0      	LDI  R30,LOW(0)
0001a1 93ea      	ST   -Y,R30
0001a2 9443      	INC  R4
0001a3 2da4      	MOV  R26,R4
0001a4 dfda      	RCALL _lcd_gotoxy
0001a5 81a8      	LD   R26,Y
0001a6 30aa      	CPI  R26,LOW(0xA)
0001a7 f1f1      	BREQ _0x2020001
                 _0x2000010:
0001a8 9453      	INC  R5
0001a9 9aa8      	SBI  0x15,0
0001aa 81a8      	LD   R26,Y
0001ab dfc7      	RCALL __lcd_write_data
0001ac 98a8      	CBI  0x15,0
0001ad c038      	RJMP _0x2020001
                 _lcd_puts:
0001ae 93ba      	ST   -Y,R27
0001af 93aa      	ST   -Y,R26
0001b0 931a      	ST   -Y,R17
                 _0x2000014:
0001b1 81a9      	LDD  R26,Y+1
0001b2 81ba      	LDD  R27,Y+1+1
0001b3 91ed      	LD   R30,X+
0001b4 83a9      	STD  Y+1,R26
0001b5 83ba      	STD  Y+1+1,R27
0001b6 2f1e      	MOV  R17,R30
0001b7 30e0      	CPI  R30,0
0001b8 f019      	BREQ _0x2000016
0001b9 2fa1      	MOV  R26,R17
0001ba dfdf      	RCALL _lcd_putchar
0001bb cff5      	RJMP _0x2000014
                 _0x2000016:
0001bc 8118      	LDD  R17,Y+0
0001bd 9623      	ADIW R28,3
0001be 9508      	RET
                 _lcd_init:
0001bf 93aa      	ST   -Y,R26
0001c0 9aa3      	SBI  0x14,3
0001c1 9aa4      	SBI  0x14,4
0001c2 9aa5      	SBI  0x14,5
0001c3 9aa6      	SBI  0x14,6
0001c4 9aa2      	SBI  0x14,2
0001c5 9aa0      	SBI  0x14,0
0001c6 9aa1      	SBI  0x14,1
0001c7 98aa      	CBI  0x15,2
0001c8 98a8      	CBI  0x15,0
0001c9 98a9      	CBI  0x15,1
0001ca 8078      	LDD  R7,Y+0
0001cb 81e8      	LD   R30,Y
0001cc 58e0      	SUBI R30,-LOW(128)
                +
0001cd 93e0 02af+STS __base_y_G100 + ( 2 ) , R30
                 	__PUTB1MN __base_y_G100,2
0001cf 81e8      	LD   R30,Y
0001d0 54e0      	SUBI R30,-LOW(192)
                +
0001d1 93e0 02b0+STS __base_y_G100 + ( 3 ) , R30
                 	__PUTB1MN __base_y_G100,3
0001d3 e1a4      	LDI  R26,LOW(20)
0001d4 d015      	RCALL SUBOPT_0x1
0001d5 d017      	RCALL SUBOPT_0x2
0001d6 d016      	RCALL SUBOPT_0x2
0001d7 d015      	RCALL SUBOPT_0x2
0001d8 e2a0      	LDI  R26,LOW(32)
0001d9 df74      	RCALL __lcd_write_nibble_G100
                +
0001da e281     +LDI R24 , LOW ( 33 )
                +__DELAY_USB_LOOP :
0001db 958a     +DEC R24
0001dc f7f1     +BRNE __DELAY_USB_LOOP
                 	__DELAY_USB 33
0001dd e2a8      	LDI  R26,LOW(40)
0001de df94      	RCALL __lcd_write_data
0001df e0a4      	LDI  R26,LOW(4)
0001e0 df92      	RCALL __lcd_write_data
0001e1 e8a5      	LDI  R26,LOW(133)
0001e2 df90      	RCALL __lcd_write_data
0001e3 e0a6      	LDI  R26,LOW(6)
0001e4 df8e      	RCALL __lcd_write_data
0001e5 dfa6      	RCALL _lcd_clear
                 _0x2020001:
0001e6 9621      	ADIW R28,1
0001e7 9508      	RET
                 
                 	.DSEG
                 _symbols:
00028d           	.BYTE 0x20
                 __base_y_G100:
0002ad           	.BYTE 0x4
                 
                 	.CSEG
                 ;OPTIMIZER ADDED SUBROUTINE, CALLED 16 TIMES, CODE SIZE REDUCTION:42 WORDS
                 SUBOPT_0x0:
0001e8 e0b0      	LDI  R27,0
0001e9 cf3d      	RJMP _show
                 
                 ;OPTIMIZER ADDED SUBROUTINE, CALLED 4 TIMES, CODE SIZE REDUCTION:6 WORDS
                 SUBOPT_0x1:
0001ea e0b0      	LDI  R27,0
0001eb 940c 01f3 	JMP  _delay_ms
                 
                 ;OPTIMIZER ADDED SUBROUTINE, CALLED 3 TIMES, CODE SIZE REDUCTION:5 WORDS
                 SUBOPT_0x2:
0001ed e3a0      	LDI  R26,LOW(48)
0001ee df5f      	RCALL __lcd_write_nibble_G100
                +
0001ef e281     +LDI R24 , LOW ( 33 )
                +__DELAY_USB_LOOP :
0001f0 958a     +DEC R24
0001f1 f7f1     +BRNE __DELAY_USB_LOOP
                 	__DELAY_USB 33
0001f2 9508      	RET
                 
                 
                 	.CSEG
                 _delay_ms:
0001f3 9610      	adiw r26,0
0001f4 f039      	breq __delay_ms1
                 __delay_ms0:
                +
0001f5 ef8a     +LDI R24 , LOW ( 0xFA )
0001f6 e090     +LDI R25 , HIGH ( 0xFA )
                +__DELAY_USW_LOOP :
0001f7 9701     +SBIW R24 , 1
0001f8 f7f1     +BRNE __DELAY_USW_LOOP
                 	__DELAY_USW 0xFA
0001f9 95a8      	wdr
0001fa 9711      	sbiw r26,1
0001fb f7c9      	brne __delay_ms0
                 __delay_ms1:
0001fc 9508      	ret
                 
                 __GETW1P:
0001fd 91ed      	LD   R30,X+
0001fe 91fc      	LD   R31,X
0001ff 9711      	SBIW R26,1
000200 9508      	RET
                 
                 ;END OF CODE MARKER
                 __END_OF_CODE:


RESOURCE USE INFORMATION
------------------------

Notice:
The register and instruction counts are symbol table hit counts,
and hence implicitly used resources are not counted, eg, the
'lpm' instruction without operands implicitly uses r0 and z,
none of which are counted.

x,y,z are separate entities in the symbol table and are
counted separately from r26..r31 here.

.dseg memory usage only counts static data declared with .byte

ATmega32A register use summary:
r0 :   6 r1 :   3 r2 :   0 r3 :   0 r4 :   4 r5 :   4 r6 :   0 r7 :   2 
r8 :   0 r9 :   0 r10:   0 r11:   0 r12:   0 r13:   0 r14:   0 r15:   2 
r16:   0 r17:   4 r18:   0 r19:   0 r20:   0 r21:   0 r22:   4 r23:   2 
r24:  23 r25:   5 r26:  62 r27:  13 r28:   4 r29:   1 r30:  79 r31:  13 
x  :   6 y  :  60 z  :   8 
Registers used: 20 out of 35 (57.1%)

ATmega32A instruction use summary:
.lds  :   0 .lds.l:   0 .sts  :   0 .sts.l:   0 adc   :   1 add   :   2 
adiw  :   4 and   :   0 andi  :   4 asr   :   0 bclr  :   0 bld   :   0 
brbc  :   0 brbs  :   0 brcc  :   0 brcs  :   0 break :   0 breq  :   9 
brge  :   0 brhc  :   0 brhs  :   0 brid  :   0 brie  :   0 brlo  :   1 
brlt  :   0 brmi  :   0 brne  :  11 brpl  :   0 brsh  :   0 brtc  :   0 
brts  :   0 brvc  :   0 brvs  :   0 bset  :   0 bst   :   0 call  :   1 
cbi   :   9 cbr   :   0 clc   :   0 clh   :   0 cli   :   1 cln   :   0 
clr   :   2 cls   :   0 clt   :   0 clv   :   0 clz   :   0 com   :   0 
cp    :   1 cpc   :   0 cpi   :   3 cpse  :   0 dec   :   7 des   :   0 
eor   :   0 fmul  :   0 fmuls :   0 fmulsu:   0 icall :   0 ijmp  :   0 
in    :   1 inc   :   2 jmp   :  23 ld    :  30 ldd   :   8 ldi   :  72 
lds   :   0 lpm   :   7 lsl   :   1 lsr   :   0 mov   :   5 movw  :   4 
mul   :   0 muls  :   0 mulsu :   0 neg   :   0 nop   :   0 or    :   0 
ori   :   0 out   :  21 pop   :   0 push  :   0 rcall :  47 ret   :   8 
reti  :   1 rjmp  :  29 rol   :   1 ror   :   0 sbc   :   0 sbci  :   1 
sbi   :  13 sbic  :  16 sbis  :   0 sbiw  :   6 sbr   :   0 sbrc  :   0 
sbrs  :   0 sec   :   0 seh   :   0 sei   :   1 sen   :   0 ser   :   0 
ses   :   0 set   :   0 sev   :   0 sez   :   0 sleep :   0 spm   :   0 
st    :  27 std   :   2 sts   :   2 sub   :   0 subi  :   3 swap  :   1 
tst   :   0 wdr   :   1 
Instructions used: 41 out of 116 (35.3%)

ATmega32A memory use summary [bytes]:
Segment   Begin    End      Code   Data   Used    Size   Use%
---------------------------------------------------------------
[.cseg] 0x000000 0x000402    830    196   1026   32768   3.1%
[.dseg] 0x000060 0x0002b1      0     81     81    2143   3.8%
[.eseg] 0x000000 0x000000      0      0      0    1024   0.0%

Assembly complete, 0 errors, 4 warnings
